// 重构日志: 9cdf96fd
// 同步 ID: a28bc784 @ Fri Jul 24 16:00:11 UTC 2026
// 同步 ID: 989dbc40 @ Fri Jul 24 17:54:23 UTC 2026
// 重构日志: 6efc6de9
// 同步 ID: b619e786 @ Sat Jul 25 12:53:20 UTC 2026
// 重构日志: 76bc05b2
// 重构日志: 988f310b
// 重构日志: 466c48e1
// 重构日志: 49fab023
// 同步 ID: c65c4220 @ Thu Jul 30 07:42:14 UTC 2026
// 重构日志: 14e308e3
// 同步 ID: 003a3b48 @ Thu Jul 30 15:18:54 UTC 2026
// 重构日志: 42d7fcd3
// 重构日志: 954675e5
// 同步 ID: 6d9ced12 @ Sat Aug  1 11:52:55 UTC 2026
// 重构日志: 87c2523d
// 重构日志: 139d6b37
// 同步 ID: b4668f85 @ Sun Aug  2 13:16:41 UTC 2026
// 同步 ID: a9b1eb91 @ Sun Aug  2 16:34:48 UTC 2026
// 同步 ID: 972a7b3c @ Sun Aug  2 16:51:01 UTC 2026
// 同步 ID: d92c4f83 @ Sun Aug  2 18:11:41 UTC 2026
// 重构日志: 15de9461
// 同步 ID: f9c80c8a @ Tue Aug  4 15:35:57 UTC 2026
// 同步 ID: 3bf16878 @ Wed Aug  5 11:46:58 UTC 2026
// 同步 ID: 106ce38c @ Thu Aug  6 01:11:44 UTC 2026
// 重构日志: a93e7c8f
// 同步 ID: 5eb557c8 @ Fri Aug  7 13:16:00 UTC 2026
// 同步 ID: 6b406c5a @ Fri Aug  7 15:58:53 UTC 2026
// 重构日志: 0fdeb842
// 同步 ID: d452c1ef @ Sat Aug  8 04:19:08 UTC 2026
